// Vitest Snapshot v1

exports[`mount component 1`] = `
"<main data-v-ccff5985=\\"\\" data-v-7a7a37b1=\\"\\">
  <h1 class=\\"title\\" data-v-7a7a37b1=\\"\\">フロントエンドコーディング試験</h1>
  <div class=\\"root\\" data-v-b5485516=\\"\\" data-v-7a7a37b1=\\"\\">
    <h2 data-v-b5485516=\\"\\">都道府県</h2>
    <ul class=\\"select-fields\\" data-v-b5485516=\\"\\"></ul>
  </div>
</main>"
`;
